// Jest Snapshot v1, https://goo.gl/fbAQLP

exports[`<WinScreen /> renders correctly 1`] = `
<View
  style={
    {
      "alignItems": "center",
      "backgroundColor": "#fff",
      "flex": 1,
      "justifyContent": "center",
    }
  }
>
  <Text
    style={
      [
        {
          "fontSize": 20,
          "fontWeight": "500",
          "justifyContent": "flex-start",
          "padding": 10,
          "textAlign": "center",
          "width": "100%",
        },
        {
          "marginBottom": 200,
        },
      ]
    }
  >
    1/3
  </Text>
  <Text
    style={
      {
        "fontSize": 30,
        "fontWeight": "500",
        "padding": 5,
        "textAlign": "center",
        "width": "100%",
      }
    }
  >
    Correct!
  </Text>
  <Text
    style={
      {
        "fontSize": 30,
        "fontWeight": "500",
        "padding": 5,
        "textAlign": "center",
        "width": "100%",
      }
    }
  >
    Congratulations
  </Text>
  <Text
    style={
      [
        {
          "fontSize": 30,
          "fontWeight": "500",
          "padding": 5,
          "textAlign": "center",
          "width": "100%",
        },
        {
          "marginBottom": 100,
        },
      ]
    }
  >
    You earn 
     points
  </Text>
  <View
    style={
      {
        "alignItems": "center",
        "backgroundColor": "#FECBCA",
        "borderColor": "#d3d6da",
        "borderWidth": 2,
        "height": 50,
        "marginTop": 50,
        "paddingEnd": 30,
        "paddingStart": 30,
        "width": 240,
      }
    }
  >
    <View
      accessibilityState={
        {
          "busy": undefined,
          "checked": undefined,
          "disabled": undefined,
          "expanded": undefined,
          "selected": undefined,
        }
      }
      accessibilityValue={
        {
          "max": undefined,
          "min": undefined,
          "now": undefined,
          "text": undefined,
        }
      }
      accessible={true}
      collapsable={false}
      focusable={true}
      hitSlop={
        {
          "bottom": 30,
          "left": 30,
          "right": 30,
          "top": 30,
        }
      }
      onClick={[Function]}
      onResponderGrant={[Function]}
      onResponderMove={[Function]}
      onResponderRelease={[Function]}
      onResponderTerminate={[Function]}
      onResponderTerminationRequest={[Function]}
      onStartShouldSetResponder={[Function]}
      style={
        {
          "flexDirection": "row",
          "opacity": 1,
        }
      }
    >
      <Text
        style={
          {
            "fontSize": 20,
            "marginTop": 8,
          }
        }
      >
        NEXT
      </Text>
    </View>
  </View>
</View>
`;
